
> pawpaw@0.1.0 build
> next build

▲ Next.js 16.2.3 (Turbopack)

  Creating an optimized production build ...
✓ Compiled successfully in 1560ms
  Running TypeScript ...
  Finished TypeScript in 58ms ...
  Collecting page data using 5 workers ...
  Generating static pages using 5 workers (0/4) ...
  Generating static pages using 5 workers (1/4) 
  Generating static pages using 5 workers (2/4) 
  Generating static pages using 5 workers (3/4) 
✓ Generating static pages using 5 workers (4/4) in 760ms
  Finalizing page optimization ...

Route (app)      Revalidate  Expire
┌ ○ /                    5m      1y
└ ○ /_not-found


○  (Static)  prerendered as static content

